// Jest Snapshot v1, https://goo.gl/fbAQLP

exports[`HomeScreen renders the component 1`] = `
<Fragment>
  <withNavigation(NavigationEvents)
    onDidFocus={[Function]}
  />
  <Home />
</Fragment>
`;
